07:41.901003-1,SCAL1L,0,process=rphost,OSThread=7472,ClientID=19033,Interface=0459eaa0-589f-4a6d-9eed-c1a7461c8e3f,IName=IClusterRegistry,Method=0,CallID=8084008,MName=getRegistryParams,DstClientID=31782
07:41.901005-1,SCALL,1,process=rphost,OSThread=7472,ClientID=19033,Interface=64016dc5-c439-49fa-8a71-c3cb708e243b,IName=IClusterLocks,Method=3,CallID=8084009,MName=getDynDataList,DstClientID=31782
07:41.901007-1,SCAL1L,0,process=rphost,OSThread=7472,ClientID=19033,Interface=0459eaa0-589f-4a6d-9eed-c1a7461c8e3f,IName=IClusterRegistry,Method=0,CallID=8084010,MName=getRegistryParams,DstClientID=31782
